
> price-oracle@0.1.0 build
> next build

⚠ Warning: Next.js inferred your workspace root, but it may not be correct.
 We detected multiple lockfiles and selected the directory of /home/saurav/package-lock.json as the root directory.
 To silence this warning, set `turbopack.root` in your Next.js config, or consider removing one of the lockfiles if it's not needed.
   See https://nextjs.org/docs/app/api-reference/config/next-config-js/turbopack#root-directory for more information.
 Detected additional lockfiles: 
   * /home/saurav/Desktop/nfcwala/price-oracle/package-lock.json

▲ Next.js 16.1.4 (Turbopack)
- Environments: .env

⚠ The "middleware" file convention is deprecated. Please use "proxy" instead. Learn more: https://nextjs.org/docs/messages/middleware-to-proxy
  Creating an optimized production build ...
✓ Compiled successfully in 15.3s
  Running TypeScript ...
  Collecting page data using 7 workers ...
Error: Failed to collect configuration for /admin/dashboard
    at ignore-listed frames {
  [cause]: Error: The module '/home/saurav/Desktop/nfcwala/price-oracle/node_modules/better-sqlite3/build/Release/better_sqlite3.node'
  was compiled against a different Node.js version using
  NODE_MODULE_VERSION 115. This version of Node.js requires
  NODE_MODULE_VERSION 127. Please try re-compiling or re-installing
  the module (for instance, using `npm rebuild` or `npm install`).
      at ignore-listed frames {
    code: 'ERR_DLOPEN_FAILED'
  }
}

> Build error occurred
Error: Failed to collect page data for /admin/dashboard
    at ignore-listed frames {
  type: 'Error'
}
